// Jest Snapshot v1, https://goo.gl/fbAQLP

exports[`should render entire AboutPlayer Component 1`] = `ShallowWrapper {}`;
