// Jest Snapshot v1, https://goo.gl/fbAQLP

exports[`should render entire AddPlaylist Component 1`] = `ShallowWrapper {}`;
