// Jest Snapshot v1, https://goo.gl/fbAQLP

exports[`should render entire AddSongToPlaylist Component 1`] = `ShallowWrapper {}`;
