// Jest Snapshot v1, https://goo.gl/fbAQLP

exports[`should render entire AddSongFormik Component 1`] = `ShallowWrapper {}`;
