// Jest Snapshot v1, https://goo.gl/fbAQLP

exports[`should render entire DeleteMultipleSongs Component 1`] = `ShallowWrapper {}`;
