// Jest Snapshot v1, https://goo.gl/fbAQLP

exports[`should render entire DeleteSongsFromPlaylist Component 1`] = `ShallowWrapper {}`;
