// Jest Snapshot v1, https://goo.gl/fbAQLP

exports[`should render entire ErrorPage Component 1`] = `ShallowWrapper {}`;
