// Jest Snapshot v1, https://goo.gl/fbAQLP

exports[`should render entire LoginFormik Component 1`] = `ShallowWrapper {}`;
