// Jest Snapshot v1, https://goo.gl/fbAQLP

exports[`should render entire Musicbar Component 1`] = `ShallowWrapper {}`;
