// Jest Snapshot v1, https://goo.gl/fbAQLP

exports[`should render entire PlaylistDashboard Component 1`] = `ShallowWrapper {}`;
