// Jest Snapshot v1, https://goo.gl/fbAQLP

exports[`should render entire PlaylistViewComponent Component 1`] = `ShallowWrapper {}`;
