// Jest Snapshot v1, https://goo.gl/fbAQLP

exports[`should render entire ReachUs Component 1`] = `ShallowWrapper {}`;
