// Jest Snapshot v1, https://goo.gl/fbAQLP

exports[`should render entire SongList Component 1`] = `ShallowWrapper {}`;
