// Jest Snapshot v1, https://goo.gl/fbAQLP

exports[`should render entire UpdateSong Component 1`] = `ShallowWrapper {}`;
