// Jest Snapshot v1, https://goo.gl/fbAQLP

exports[`should render entire UserConfirm Component 1`] = `ShallowWrapper {}`;
